// Jest Snapshot v1, https://goo.gl/fbAQLP

exports[`Item Item should render properly 1`] = `
ShallowWrapper {
  "length": 1,
  Symbol(enzyme.__root__): [Circular],
  Symbol(enzyme.__unrendered__): <Item
    className=""
    label=""
    style={Object {}}
/>,
  Symbol(enzyme.__renderer__): Object {
    "batchedUpdates": [Function],
    "getNode": [Function],
    "render": [Function],
    "simulateEvent": [Function],
    "unmount": [Function],
  },
  Symbol(enzyme.__node__): Object {
    "instance": null,
    "key": undefined,
    "nodeType": "class",
    "props": Object {
      "children": <WithStyles(Typography)
        style={
                Object {
                        "color": "#2196f3",
                      }
        }
/>,
      "className": "",
      "item": true,
      "style": Object {},
      "xs": 6,
    },
    "ref": null,
    "rendered": Object {
      "instance": null,
      "key": undefined,
      "nodeType": "class",
      "props": Object {
        "children": "",
        "style": Object {
          "color": "#2196f3",
        },
      },
      "ref": null,
      "rendered": "",
      "type": [Function],
    },
    "type": [Function],
  },
  Symbol(enzyme.__nodes__): Array [
    Object {
      "instance": null,
      "key": undefined,
      "nodeType": "class",
      "props": Object {
        "children": <WithStyles(Typography)
          style={
                    Object {
                              "color": "#2196f3",
                            }
          }
/>,
        "className": "",
        "item": true,
        "style": Object {},
        "xs": 6,
      },
      "ref": null,
      "rendered": Object {
        "instance": null,
        "key": undefined,
        "nodeType": "class",
        "props": Object {
          "children": "",
          "style": Object {
            "color": "#2196f3",
          },
        },
        "ref": null,
        "rendered": "",
        "type": [Function],
      },
      "type": [Function],
    },
  ],
  Symbol(enzyme.__options__): Object {
    "adapter": ReactSixteenAdapter {
      "options": Object {
        "enableComponentDidUpdateOnSetState": true,
      },
    },
  },
}
`;
